{
  "confidence": 0.92,
  "language": "en",
  "segments": [
    {
      "confidence": 0.95,
      "end": 3.5,
      "speaker": "Speaker 1",
      "start": 0.0,
      "text": "Hello, welcome to our presentation."
    },
    {
      "confidence": 0.92,
      "end": 8.2,
      "speaker": "Speaker 1",
      "start": 4.0,
      "text": "Today we'll discuss the new features."
    },
    {
      "confidence": 0.88,
      "end": 12.5,
      "speaker": "Speaker 2",
      "start": 9.0,
      "text": "Thank you for joining us."
    }
  ],
  "text": "Hello, welcome to our presentation. Today we'll discuss the new features. Thank you for joining us."
}